2025-05-28 11:15:01,763 - MarvinAssistant - INFO - Assistant: Marvin voice assistant is ready. Say 'Marvin' to activate me.
2025-05-28 11:15:12,231 - MarvinAssistant - INFO - User said: Marvin
2025-05-28 11:15:12,233 - MarvinAssistant - INFO - Assistant: Yes? How can I assist you?
2025-05-28 11:15:22,495 - MarvinAssistant - INFO - User said: check
2025-05-28 11:15:22,499 - MarvinAssistant - INFO - Assistant: I'm not sure how to help with that.
2025-05-28 11:15:36,130 - MarvinAssistant - INFO - User said: outfit
2025-05-28 11:15:36,132 - MarvinAssistant - INFO - Assistant: Let me check your outfit.
2025-05-28 11:15:41,977 - MarvinAssistant - INFO - Assistant: I couldn't detect your outfit clearly. Please make sure you're visible to the camera.
2025-05-28 11:15:55,479 - MarvinAssistant - WARNING - Speech recognition error: 
2025-05-28 11:15:55,480 - MarvinAssistant - INFO - Assistant: I didn't catch that. Please say it again.
2025-05-28 11:16:05,747 - MarvinAssistant - INFO - User said: Super Bowl
2025-05-28 11:16:05,751 - MarvinAssistant - INFO - Assistant: I'm not sure how to help with that.
2025-05-28 11:25:11,831 - MarvinAssistant - INFO - Assistant: Marvin voice assistant is ready. Say 'Marvin' to activate me.
2025-05-28 11:25:27,661 - MarvinAssistant - INFO - User said: Marvin
2025-05-28 11:25:27,664 - MarvinAssistant - INFO - Assistant: Yes? How can I assist you?
2025-05-28 11:25:36,300 - MarvinAssistant - INFO - User said: check my out
2025-05-28 11:25:36,302 - MarvinAssistant - INFO - Assistant: I'm not sure how to help with that. You can ask me about the weather, time, or search for information.
2025-05-28 11:25:50,790 - MarvinAssistant - INFO - User said: check my
2025-05-28 11:25:50,792 - MarvinAssistant - INFO - Assistant: I'm not sure how to help with that. You can ask me about the weather, time, or search for information.
2025-05-28 11:26:05,077 - MarvinAssistant - INFO - User said: check my out
2025-05-28 11:26:05,079 - MarvinAssistant - INFO - Assistant: I'm not sure how to help with that. You can ask me about the weather, time, or search for information.
2025-05-28 11:27:25,962 - MarvinAssistant - INFO - Assistant: Marvin voice assistant is ready. Say 'Marvin' to activate me.
2025-05-28 11:27:37,623 - MarvinAssistant - INFO - User said: Marvin
2025-05-28 11:27:37,625 - MarvinAssistant - INFO - Assistant: Yes? How can I assist you?
2025-05-28 11:27:50,727 - MarvinAssistant - INFO - User said: out
2025-05-28 11:27:50,729 - MarvinAssistant - INFO - Assistant: I'm not sure how to help with that. You can ask me about the weather, time, or search for information.
2025-05-28 11:28:05,883 - MarvinAssistant - INFO - User said: out
2025-05-28 11:28:05,885 - MarvinAssistant - INFO - Assistant: I'm not sure how to help with that. You can ask me about the weather, time, or search for information.
2025-05-28 11:28:25,016 - MarvinAssistant - INFO - User said: out
2025-05-28 11:28:25,018 - MarvinAssistant - INFO - Assistant: I'm not sure how to help with that. You can ask me about the weather, time, or search for information.
2025-05-28 11:28:42,761 - MarvinAssistant - INFO - Assistant: I didn't catch that. Could you repeat?
2025-05-28 11:30:58,878 - MarvinAssistant - INFO - Assistant: Marvin voice assistant is ready. Say 'Marvin' to activate me.
2025-05-28 11:31:14,896 - MarvinAssistant - INFO - User said: Marvin
2025-05-28 11:31:14,953 - MarvinAssistant - INFO - Assistant: Yes? How can I assist you?
2025-05-28 11:31:23,678 - MarvinAssistant - INFO - Assistant: I didn't catch that. Could you repeat?
2025-05-28 11:31:36,070 - MarvinAssistant - INFO - Assistant: I didn't catch that. Could you repeat?
2025-05-28 11:44:04,219 - MarvinAssistant - INFO - Assistant: Marvin voice assistant is ready. Say 'Marvin' to activate me.
2025-05-28 11:44:14,611 - MarvinAssistant - INFO - User said: Marvin
2025-05-28 11:44:14,613 - MarvinAssistant - INFO - Assistant: Yes? How can I assist you?
2025-05-28 11:44:27,042 - MarvinAssistant - INFO - User said: check my outfit for Less
2025-05-28 11:44:27,044 - MarvinAssistant - INFO - Assistant: Opening the outfit analyser.
2025-05-28 11:44:35,135 - MarvinAssistant - INFO - Assistant: I didn't catch that. Could you repeat?
2025-05-28 11:44:43,155 - MarvinAssistant - INFO - User said: check my
2025-05-28 11:44:43,159 - MarvinAssistant - INFO - Assistant: I'm not sure how to help with that. You can ask me about the weather, time, or search for information.
2025-05-28 11:45:02,117 - MarvinAssistant - INFO - Assistant: I didn't catch that. Could you repeat?
2025-05-28 11:45:12,978 - MarvinAssistant - INFO - User said: check my
2025-05-28 11:45:12,981 - MarvinAssistant - INFO - Assistant: I'm not sure how to help with that. You can ask me about the weather, time, or search for information.
2025-05-28 11:45:31,081 - MarvinAssistant - INFO - User said: check my house
2025-05-28 11:45:31,084 - MarvinAssistant - INFO - Assistant: I'm not sure how to help with that. You can ask me about the weather, time, or search for information.
2025-05-28 11:45:46,192 - MarvinAssistant - INFO - User said: check my out
2025-05-28 11:45:46,194 - MarvinAssistant - INFO - Assistant: I'm not sure how to help with that. You can ask me about the weather, time, or search for information.
2025-05-28 11:46:42,528 - MarvinAssistant - INFO - Assistant: Marvin voice assistant is ready. Say 'Marvin' to activate me.
2025-05-28 11:46:53,300 - MarvinAssistant - INFO - User said: Marvin
2025-05-28 11:46:53,302 - MarvinAssistant - INFO - Assistant: Yes? How can I assist you?
2025-05-28 11:47:05,550 - MarvinAssistant - INFO - Assistant: I didn't catch that. Could you repeat?
2025-05-28 11:47:17,448 - MarvinAssistant - INFO - User said: cat
2025-05-28 11:47:17,455 - MarvinAssistant - INFO - Assistant: Opening the outfit analyser.
2025-05-28 11:47:32,102 - MarvinAssistant - INFO - User said: opening the outfit analyzer
2025-05-28 11:47:32,105 - MarvinAssistant - INFO - Assistant: I'm not sure how to help with that. You can ask me about the weather, time, or search for information.
2025-05-28 11:47:50,681 - MarvinAssistant - INFO - Assistant: I didn't catch that. Could you repeat?
2025-05-28 11:55:10,710 - MarvinAssistant - INFO - Assistant: Marvin voice assistant is ready. Say 'Marvin' to activate me.
2025-05-28 11:55:27,742 - MarvinAssistant - INFO - User said: Marvin
2025-05-28 11:55:27,745 - MarvinAssistant - INFO - Assistant: Yes? How can I assist you?
2025-05-28 11:55:37,464 - MarvinAssistant - INFO - User said: Shakir
2025-05-28 11:55:37,467 - MarvinAssistant - INFO - Assistant: I'm not sure how to help with that. You can ask me about the weather, time, or search for information.
2025-05-28 11:55:51,697 - MarvinAssistant - INFO - User said: check my
2025-05-28 11:55:51,699 - MarvinAssistant - INFO - Assistant: I'm not sure how to help with that. You can ask me about the weather, time, or search for information.
2025-05-28 11:56:05,707 - MarvinAssistant - INFO - Assistant: I didn't catch that. Could you repeat?
2025-05-28 11:56:20,635 - MarvinAssistant - INFO - User said: check my
2025-05-28 11:56:20,637 - MarvinAssistant - INFO - Assistant: I'm not sure how to help with that. You can ask me about the weather, time, or search for information.
2025-05-28 11:56:59,248 - MarvinAssistant - INFO - Assistant: Marvin voice assistant is ready. Say 'Marvin' to activate me.
2025-05-28 11:57:14,195 - MarvinAssistant - INFO - User said: Marvin
2025-05-28 11:57:14,198 - MarvinAssistant - INFO - Assistant: Yes? How can I assist you?
2025-05-28 11:57:24,857 - MarvinAssistant - INFO - Assistant: I didn't catch that. Could you repeat?
2025-05-28 11:57:36,262 - MarvinAssistant - INFO - User said: cat
2025-05-28 11:57:36,266 - MarvinAssistant - INFO - Assistant: Opening the outfit analyser.
2025-05-28 11:57:45,977 - MarvinAssistant - INFO - User said: Madonna
2025-05-28 11:57:45,981 - MarvinAssistant - INFO - Assistant: I'm not sure how to help with that. You can ask me about the weather, time, or search for information.
2025-05-28 12:01:01,561 - MarvinAssistant - INFO - Assistant: Marvin voice assistant is ready. Say 'Marvin' to activate me.
2025-05-28 12:01:13,390 - MarvinAssistant - INFO - User said: Marvin
2025-05-28 12:01:13,392 - MarvinAssistant - INFO - Assistant: Yes? How can I assist you?
2025-05-28 12:01:24,809 - MarvinAssistant - INFO - Assistant: I didn't catch that. Could you repeat?
2025-05-28 12:01:37,903 - MarvinAssistant - INFO - User said: cat
2025-05-28 12:01:37,906 - MarvinAssistant - INFO - Assistant: Opening the outfit analyser.
2025-05-28 12:01:50,730 - MarvinAssistant - INFO - Assistant: I didn't catch that. Could you repeat?
2025-05-28 12:09:36,879 - MarvinAssistant - INFO - Assistant: Marvin voice assistant is ready. Say 'Marvin' to activate me.
2025-05-28 12:09:52,841 - MarvinAssistant - INFO - User said: Marvin
2025-05-28 12:09:52,843 - MarvinAssistant - INFO - Assistant: Yes? How can I assist you?
2025-05-28 12:10:03,403 - MarvinAssistant - INFO - Assistant: I didn't catch that. Could you repeat?
2025-05-28 12:10:14,932 - MarvinAssistant - INFO - Assistant: I didn't catch that. Could you repeat?
2025-05-28 12:10:29,197 - MarvinAssistant - INFO - Assistant: I didn't catch that. Could you repeat?
2025-05-28 12:10:39,706 - MarvinAssistant - INFO - Assistant: I didn't catch that. Could you repeat?
2025-05-28 12:10:51,784 - MarvinAssistant - INFO - User said: cat
2025-05-28 12:10:51,890 - MarvinAssistant - INFO - Assistant: I'm not sure how to help with that. You can ask me about the weather, time, or search for information.
2025-05-28 12:11:10,180 - MarvinAssistant - INFO - Assistant: I didn't catch that. Could you repeat?
2025-05-28 12:11:19,670 - MarvinAssistant - INFO - User said: Moen
2025-05-28 12:11:19,672 - MarvinAssistant - INFO - Assistant: I'm not sure how to help with that. You can ask me about the weather, time, or search for information.
2025-05-28 12:11:36,551 - MarvinAssistant - INFO - Assistant: I didn't catch that. Could you repeat?
2025-05-28 12:11:41,828 - MarvinAssistant - INFO - Assistant: Voice assistant shutting down. Goodbye!
2025-05-28 12:11:48,792 - MarvinAssistant - INFO - Assistant: Marvin voice assistant is ready. Say 'Marvin' to activate me.
2025-05-28 12:12:01,609 - MarvinAssistant - INFO - User said: Marvin
2025-05-28 12:12:01,611 - MarvinAssistant - INFO - Assistant: Yes? How can I assist you?
2025-05-28 12:12:12,296 - MarvinAssistant - INFO - Assistant: I didn't catch that. Could you repeat?
2025-05-28 12:12:22,834 - MarvinAssistant - INFO - Assistant: I didn't catch that. Could you repeat?
2025-05-28 12:12:35,853 - MarvinAssistant - INFO - Assistant: I didn't catch that. Could you repeat?
2025-05-28 12:12:46,392 - MarvinAssistant - INFO - Assistant: I didn't catch that. Could you repeat?
2025-05-28 12:12:56,764 - MarvinAssistant - INFO - Assistant: I didn't catch that. Could you repeat?
2025-05-28 12:13:32,996 - MarvinAssistant - INFO - Assistant: Marvin voice assistant is ready. Say 'Marvin' to activate me.
2025-05-28 12:13:43,106 - MarvinAssistant - INFO - User said: Marvin
2025-05-28 12:13:43,109 - MarvinAssistant - INFO - Assistant: Yes? How can I assist you?
2025-05-28 12:13:55,200 - MarvinAssistant - INFO - User said: blue
2025-05-28 12:13:55,203 - MarvinAssistant - INFO - Assistant: Opening camera to analyze your outfit.
2025-05-28 12:14:06,163 - MarvinAssistant - INFO - Assistant: I didn't catch that. Could you repeat?
2025-05-28 12:17:31,655 - MarvinAssistant - INFO - Assistant: Marvin voice assistant is ready. Say 'Marvin' to activate me.
2025-05-28 12:17:45,513 - MarvinAssistant - INFO - User said: Marvin
2025-05-28 12:17:45,517 - MarvinAssistant - INFO - Assistant: Yes? How can I assist you?
2025-05-28 12:17:55,448 - MarvinAssistant - INFO - User said: blue
2025-05-28 12:17:55,451 - MarvinAssistant - INFO - Assistant: Opening camera to analyze your outfit.
2025-05-28 12:18:07,567 - MarvinAssistant - INFO - Assistant: I didn't catch that. Could you repeat?
2025-05-28 12:18:18,398 - MarvinAssistant - INFO - Assistant: I didn't catch that. Could you repeat?
2025-05-28 12:18:28,609 - MarvinAssistant - INFO - Assistant: I didn't catch that. Could you repeat?
2025-05-28 12:24:10,243 - MarvinAssistant - INFO - Assistant: Marvin voice assistant is ready. Say 'Marvin' to activate me.
2025-05-28 12:24:29,881 - MarvinAssistant - INFO - User said: Marvin
2025-05-28 12:24:29,884 - MarvinAssistant - INFO - Assistant: Yes? How can I assist you?
2025-05-28 12:24:40,885 - MarvinAssistant - INFO - User said: blue
2025-05-28 12:24:40,889 - MarvinAssistant - INFO - Assistant: Opening camera to analyze your outfit.
2025-05-28 12:24:52,097 - MarvinAssistant - INFO - Assistant: I didn't catch that. Could you repeat?
2025-05-28 13:16:15,851 - MarvinAssistant - INFO - Assistant: Marvin assistant ready. Say 'Marvin' to activate me.
2025-05-28 13:16:27,137 - MarvinAssistant - INFO - User said: Marvin
2025-05-28 13:16:27,138 - MarvinAssistant - INFO - Assistant: Yes? How can I assist you?
2025-05-28 13:16:41,278 - MarvinAssistant - INFO - User said: time
2025-05-28 13:16:41,279 - MarvinAssistant - INFO - Assistant: The time is 01:16 PM
2025-05-28 13:16:52,262 - MarvinAssistant - WARNING - Speech error: 
2025-05-28 13:16:52,263 - MarvinAssistant - INFO - Assistant: I didn't catch that. Please repeat.
2025-05-28 13:17:03,213 - MarvinAssistant - WARNING - Speech error: listening timed out while waiting for phrase to start
2025-05-28 13:17:03,216 - MarvinAssistant - INFO - Assistant: I didn't catch that. Please repeat.
2025-05-28 13:17:11,776 - MarvinAssistant - INFO - User said: weather
2025-05-28 13:17:12,134 - MarvinAssistant - INFO - Assistant: Palestine is currently 21.63°C with clear sky. Humidity is 55%, wind speed is 9.67 m/s.
2025-05-28 13:17:30,703 - MarvinAssistant - WARNING - Speech error: 
2025-05-28 13:17:30,704 - MarvinAssistant - INFO - Assistant: I didn't catch that. Please repeat.
2025-05-28 13:17:44,613 - MarvinAssistant - WARNING - Speech error: 
2025-05-28 13:17:44,614 - MarvinAssistant - INFO - Assistant: I didn't catch that. Please repeat.
2025-05-28 13:17:52,903 - MarvinAssistant - WARNING - Speech error: 
2025-05-28 13:17:52,903 - MarvinAssistant - INFO - Assistant: I didn't catch that. Please repeat.
2025-05-28 13:18:02,946 - MarvinAssistant - INFO - User said: outfit
2025-05-28 13:18:02,978 - MarvinAssistant - ERROR - Fatal error: OpenCV(4.11.0) /io/opencv/modules/dnn/src/caffe/caffe_io.cpp:1126: error: (-2:Unspecified error) FAILED: fs.is_open(). Can't open "models/deploy.prototxt" in function 'ReadProtoFromTextFile'

2025-05-28 13:18:02,979 - MarvinAssistant - INFO - Assistant: Something went wrong. Restarting.
2025-05-28 13:18:07,205 - MarvinAssistant - INFO - Assistant: Marvin assistant ready. Say 'Marvin' to activate me.
2025-05-28 13:18:18,943 - MarvinAssistant - INFO - User said: bus ticket
2025-05-28 13:18:23,060 - MarvinAssistant - WARNING - Speech error: 
2025-05-28 13:18:29,873 - MarvinAssistant - INFO - User said: Marvin
2025-05-28 13:18:29,873 - MarvinAssistant - INFO - Assistant: Yes? How can I assist you?
2025-05-28 13:18:43,167 - MarvinAssistant - WARNING - Speech error: 
2025-05-28 13:18:43,167 - MarvinAssistant - INFO - Assistant: I didn't catch that. Please repeat.
2025-05-28 13:18:55,747 - MarvinAssistant - INFO - User said: outfit
2025-05-28 13:18:55,748 - MarvinAssistant - ERROR - Fatal error: OpenCV(4.11.0) /io/opencv/modules/dnn/src/caffe/caffe_io.cpp:1126: error: (-2:Unspecified error) FAILED: fs.is_open(). Can't open "models/deploy.prototxt" in function 'ReadProtoFromTextFile'

2025-05-28 13:18:55,748 - MarvinAssistant - INFO - Assistant: Something went wrong. Restarting.
2025-05-28 13:19:00,780 - MarvinAssistant - INFO - Assistant: Marvin assistant ready. Say 'Marvin' to activate me.
2025-05-28 13:19:10,773 - MarvinAssistant - INFO - User said: play me something
2025-05-28 13:19:18,621 - MarvinAssistant - WARNING - Speech error: 
2025-05-28 13:19:22,555 - MarvinAssistant - WARNING - Speech error: 
2025-05-28 13:19:28,173 - MarvinAssistant - INFO - User said: Marvin
2025-05-28 13:19:28,173 - MarvinAssistant - INFO - Assistant: Yes? How can I assist you?
2025-05-28 13:19:38,807 - MarvinAssistant - WARNING - Speech error: 
2025-05-28 13:19:38,808 - MarvinAssistant - INFO - Assistant: I didn't catch that. Please repeat.
2025-05-28 13:19:47,505 - MarvinAssistant - INFO - User said: how about Valentine
2025-05-28 13:19:47,505 - MarvinAssistant - INFO - Assistant: I didn't understand that. You can ask about weather, time, YouTube, or search the web.
2025-05-28 13:20:07,295 - MarvinAssistant - INFO - User said: tell me about Palestine
2025-05-28 13:20:07,295 - MarvinAssistant - INFO - Assistant: Searching Wikipedia for palestine
2025-05-28 13:20:13,935 - MarvinAssistant - INFO - Assistant: Palestine, officially the State of Palestine, is a country in West Asia. Recognized by 147 of the UN's 193 member states, it encompasses the Israeli-occupied West Bank, including East Jerusalem, and the Gaza Strip, collectively known as the occupied Palestinian territories, within the broader geographic and historical Palestine region.
2025-05-28 14:13:41,274 - MarvinAssistant - INFO - Assistant: Marvin voice assistant is ready. Say 'Marvin' to activate me.
2025-05-28 14:13:58,165 - MarvinAssistant - INFO - User said: Marvin
2025-05-28 14:13:58,177 - MarvinAssistant - INFO - Assistant: Yes? How can I assist you?
2025-05-28 14:14:06,847 - MarvinAssistant - INFO - User said: check my
2025-05-28 14:14:06,866 - MarvinAssistant - INFO - Assistant: I'm not sure how to help with that. You can ask me about the weather, time, or search for information.
2025-05-28 14:14:22,247 - MarvinAssistant - INFO - User said: play my
2025-05-28 14:14:22,257 - MarvinAssistant - INFO - Assistant: I'm not sure how to help with that. You can ask me about the weather, time, or search for information.
2025-05-28 14:14:51,257 - MarvinAssistant - INFO - Assistant: Marvin voice assistant is ready. Say 'Marvin' to activate me.
2025-05-28 14:15:14,086 - MarvinAssistant - INFO - User said: Marvin
2025-05-28 14:15:14,099 - MarvinAssistant - INFO - Assistant: Yes? How can I assist you?
2025-05-28 14:15:24,834 - MarvinAssistant - INFO - User said: analyze
2025-05-28 14:15:24,854 - MarvinAssistant - INFO - Assistant: I'm not sure how to help with that. You can ask me about the weather, time, or search for information.
2025-05-28 14:15:39,809 - MarvinAssistant - INFO - User said: Why is my
2025-05-28 14:15:39,821 - MarvinAssistant - INFO - Assistant: I'm not sure how to help with that. You can ask me about the weather, time, or search for information.
2025-05-28 14:15:54,316 - MarvinAssistant - INFO - User said: the lights
2025-05-28 14:15:54,327 - MarvinAssistant - INFO - Assistant: I'm not sure how to help with that. You can ask me about the weather, time, or search for information.
2025-05-28 14:16:08,755 - MarvinAssistant - INFO - User said: rise
2025-05-28 14:16:08,766 - MarvinAssistant - INFO - Assistant: I'm not sure how to help with that. You can ask me about the weather, time, or search for information.
2025-05-28 14:16:41,063 - MarvinAssistant - INFO - Assistant: Marvin voice assistant is ready. Say 'Marvin' to activate me.
2025-05-28 14:16:52,477 - MarvinAssistant - INFO - User said: Marvin
2025-05-28 14:16:52,489 - MarvinAssistant - INFO - Assistant: Yes? How can I assist you?
2025-05-28 14:17:05,333 - MarvinAssistant - INFO - User said: see me
2025-05-28 14:17:05,356 - MarvinAssistant - INFO - Assistant: Analyzing your outfit now.
2025-05-28 14:17:09,471 - MarvinAssistant - INFO - Assistant: Sorry, I couldn't analyze your outfit.
2025-05-28 14:17:13,945 - MarvinAssistant - ERROR - Outfit analysis error: [Errno 2] No such file or directory: '/home/smart/Desktop/image.jpg'
2025-05-28 14:32:14,124 - MarvinAssistant - INFO - Assistant: Marvin voice assistant is ready. Say 'Marvin' to activate me.
2025-05-28 14:32:20,949 - MarvinAssistant - ERROR - Unexpected error: name 'wait_for_wake_word' is not defined
2025-05-28 14:32:20,950 - MarvinAssistant - INFO - Assistant: I encountered an unexpected error and need to restart.
2025-05-28 14:37:54,406 - MarvinAssistant - INFO - Assistant: Marvin voice assistant is ready. Say 'Marvin' to activate me.
2025-05-28 14:38:09,524 - MarvinAssistant - INFO - User said: Marvin
2025-05-28 14:38:09,561 - MarvinAssistant - INFO - Assistant: Yes? How can I assist you?
2025-05-28 14:38:19,457 - MarvinAssistant - INFO - User said: check
2025-05-28 14:38:19,476 - MarvinAssistant - INFO - Assistant: I'm not sure how to help with that. You can ask me about the weather, time, or search for information.
2025-05-28 14:38:38,362 - MarvinAssistant - INFO - User said: check
2025-05-28 14:38:38,408 - MarvinAssistant - INFO - Assistant: I'm not sure how to help with that. You can ask me about the weather, time, or search for information.
2025-05-28 14:38:58,079 - MarvinAssistant - INFO - User said: analyze
2025-05-28 14:38:58,098 - MarvinAssistant - INFO - Assistant: I'm not sure how to help with that. You can ask me about the weather, time, or search for information.
2025-05-28 14:39:38,572 - MarvinAssistant - INFO - Assistant: Marvin voice assistant is ready. Say 'Marvin' to activate me.
2025-05-28 14:40:10,312 - MarvinAssistant - INFO - User said: Marvin
2025-05-28 14:40:10,338 - MarvinAssistant - INFO - Assistant: Yes? How can I assist you?
2025-05-28 14:40:20,199 - MarvinAssistant - INFO - User said: blue
2025-05-28 14:40:20,219 - MarvinAssistant - INFO - Assistant: Analyzing your outfit now.
2025-05-28 14:40:25,464 - MarvinAssistant - INFO - Assistant: Camera opened. Please stand in front of the camera.
2025-05-28 14:40:31,691 - MarvinAssistant - INFO - Assistant: Your top is red, and your bottom is white.
2025-05-28 14:40:36,270 - MarvinAssistant - INFO - Assistant: That's a great combination!
2025-05-28 14:40:45,498 - MarvinAssistant - INFO - Assistant: I didn't catch that. Could you repeat?
2025-05-28 14:40:54,885 - MarvinAssistant - INFO - User said: just one minute
2025-05-28 14:40:54,921 - MarvinAssistant - INFO - Assistant: I'm not sure how to help with that. You can ask me about the weather, time, or search for information.
2025-05-28 14:41:13,153 - MarvinAssistant - INFO - Assistant: I didn't catch that. Could you repeat?
2025-05-28 14:41:25,827 - MarvinAssistant - INFO - User said: blue
2025-05-28 14:41:25,844 - MarvinAssistant - INFO - Assistant: Analyzing your outfit now.
2025-05-28 14:41:29,985 - MarvinAssistant - INFO - Assistant: Camera opened. Please stand in front of the camera.
2025-05-28 14:41:36,033 - MarvinAssistant - INFO - Assistant: Your top is blue, and your bottom is white.
2025-05-28 14:41:41,044 - MarvinAssistant - INFO - Assistant: That's a great combination!
2025-05-28 14:41:53,042 - MarvinAssistant - INFO - User said: blue
2025-05-28 14:41:53,060 - MarvinAssistant - INFO - Assistant: Analyzing your outfit now.
2025-05-28 14:41:56,723 - MarvinAssistant - INFO - Assistant: Camera opened. Please stand in front of the camera.
2025-05-28 14:42:02,839 - MarvinAssistant - INFO - Assistant: Your top is purple, and your bottom is white.
2025-05-28 14:42:08,007 - MarvinAssistant - INFO - Assistant: That's a great combination!
2025-05-28 14:42:18,278 - MarvinAssistant - INFO - Assistant: I didn't catch that. Could you repeat?
2025-05-28 14:42:29,586 - MarvinAssistant - INFO - Assistant: I didn't catch that. Could you repeat?
2025-05-28 14:42:41,770 - MarvinAssistant - INFO - Assistant: I didn't catch that. Could you repeat?
2025-05-28 14:42:56,172 - MarvinAssistant - INFO - Assistant: I didn't catch that. Could you repeat?
2025-05-28 15:18:06,050 - MarvinAssistant - INFO - Assistant: Marvin voice assistant is ready. Say 'Marvin' to activate me.
2025-05-28 15:18:16,394 - MarvinAssistant - INFO - User said: Marvin
2025-05-28 15:18:16,413 - MarvinAssistant - INFO - Assistant: Yes? How can I assist you?
2025-05-28 15:18:29,079 - MarvinAssistant - INFO - User said: check out
2025-05-28 15:18:29,097 - MarvinAssistant - INFO - Assistant: I didn't understand. You can ask me about time, weather, Wikipedia, or analyze your outfit.
2025-05-28 15:19:09,039 - MarvinAssistant - INFO - Assistant: Marvin voice assistant is ready. Say 'Marvin' to activate me.
2025-05-28 15:19:19,286 - MarvinAssistant - INFO - User said: Marvin
2025-05-28 15:19:19,304 - MarvinAssistant - INFO - Assistant: Yes? How can I assist you?
2025-05-28 15:19:28,636 - MarvinAssistant - INFO - User said: blue
2025-05-28 15:19:28,668 - MarvinAssistant - INFO - Assistant: Analyzing your outfit now.
2025-05-28 15:19:43,862 - MarvinAssistant - INFO - Assistant: I couldn't detect a person. Please stand clearly in front of the camera.
2025-05-28 15:20:01,882 - MarvinAssistant - INFO - User said: whiskey I didn't detect
2025-05-28 15:20:01,902 - MarvinAssistant - INFO - Assistant: Hello! How can I help you today?
2025-05-28 15:20:14,478 - MarvinAssistant - INFO - User said: blue
2025-05-28 15:20:14,510 - MarvinAssistant - INFO - Assistant: Analyzing your outfit now.
2025-05-28 15:20:20,982 - MarvinAssistant - INFO - Assistant: I couldn't detect a person. Please stand clearly in front of the camera.
2025-05-28 15:20:34,694 - MarvinAssistant - INFO - User said: blue
2025-05-28 15:20:34,726 - MarvinAssistant - INFO - Assistant: Analyzing your outfit now.
2025-05-28 15:20:41,008 - MarvinAssistant - INFO - Assistant: I couldn't detect a person. Please stand clearly in front of the camera.
2025-05-28 15:20:58,937 - MarvinAssistant - WARNING - Speech recognition error: 
2025-05-28 15:20:58,942 - MarvinAssistant - INFO - Assistant: I didn't catch that. Could you repeat?
2025-05-28 15:21:11,440 - MarvinAssistant - WARNING - Speech recognition error: 
2025-05-28 15:21:11,445 - MarvinAssistant - INFO - Assistant: I didn't catch that. Could you repeat?
2025-05-28 15:24:28,733 - MarvinAssistant - INFO - Assistant: Marvin voice assistant is ready. Say 'Marvin' to activate me.
2025-05-28 15:24:43,027 - MarvinAssistant - INFO - User said: Marvin
2025-05-28 15:24:43,045 - MarvinAssistant - INFO - Assistant: Yes? How can I assist you?
2025-05-28 15:24:56,261 - MarvinAssistant - INFO - User said: blue
2025-05-28 15:24:56,299 - MarvinAssistant - INFO - Assistant: Analyzing your outfit now.
2025-05-28 15:25:05,673 - MarvinAssistant - INFO - Assistant: I couldn't detect a person. Please stand clearly in front of the camera.
2025-05-28 15:25:21,397 - MarvinAssistant - WARNING - Speech recognition error: 
2025-05-28 15:25:21,402 - MarvinAssistant - INFO - Assistant: I didn't catch that. Could you repeat?
2025-05-28 15:54:50,824 - MarvinAssistant - INFO - Assistant: Marvin voice assistant is ready. Say 'Marvin' to activate me.
2025-05-28 15:55:03,331 - MarvinAssistant - INFO - User said: Marvin
2025-05-28 15:55:03,368 - MarvinAssistant - INFO - Assistant: Yes? How can I assist you?
2025-05-28 15:55:13,203 - MarvinAssistant - INFO - User said: see me
2025-05-28 15:55:13,221 - MarvinAssistant - INFO - Assistant: Analyzing your outfit now.
2025-05-28 15:55:17,384 - MarvinAssistant - INFO - Assistant: Camera opened. Please stand in front of the camera.
2025-05-28 15:55:24,867 - MarvinAssistant - INFO - Assistant: Your top is blue, and your bottom is blue.
2025-05-28 15:55:29,794 - MarvinAssistant - INFO - Assistant: You can try pairing blue with white, gray, khaki.
2025-05-28 15:55:41,677 - MarvinAssistant - INFO - User said: see
2025-05-28 15:55:41,695 - MarvinAssistant - INFO - Assistant: I'm not sure how to help with that. You can ask me about the weather, time, or search for information.
2025-05-28 15:55:58,592 - MarvinAssistant - INFO - Assistant: I didn't catch that. Could you repeat?
2025-05-28 15:56:09,507 - MarvinAssistant - INFO - Assistant: I didn't catch that. Could you repeat?
2025-05-28 15:56:17,946 - MarvinAssistant - INFO - User said: see me
2025-05-28 15:56:17,977 - MarvinAssistant - INFO - Assistant: Analyzing your outfit now.
2025-05-28 15:56:22,165 - MarvinAssistant - INFO - Assistant: Camera opened. Please stand in front of the camera.
2025-05-28 15:56:28,030 - MarvinAssistant - INFO - Assistant: Your top is black, and your bottom is blue.
2025-05-28 15:56:32,972 - MarvinAssistant - INFO - Assistant: You can try pairing black with red, yellow, white.
2025-05-28 15:58:20,403 - MarvinAssistant - INFO - Assistant: Marvin voice assistant is ready. Say 'Marvin' to activate me.
2025-05-28 16:02:37,509 - MarvinAssistant - INFO - Assistant: Marvin voice assistant is ready. Say 'Marvin' to activate me.
2025-05-28 16:02:48,273 - MarvinAssistant - INFO - User said: Marvin
2025-05-28 16:02:48,291 - MarvinAssistant - INFO - Assistant: Yes? How can I assist you?
2025-05-28 16:03:00,910 - MarvinAssistant - INFO - Assistant: I didn't catch that. Could you repeat?
2025-05-28 16:03:11,372 - MarvinAssistant - INFO - Assistant: I didn't catch that. Could you repeat?
2025-05-28 16:03:22,150 - MarvinAssistant - INFO - Assistant: I didn't catch that. Could you repeat?
2025-05-28 16:03:38,871 - MarvinAssistant - INFO - User said: what's my shopping list
2025-05-28 16:03:38,896 - MarvinAssistant - INFO - Assistant: I'm not sure how to help with that. You can ask me about the weather, time, or search for information.
2025-05-28 16:03:58,957 - MarvinAssistant - INFO - Assistant: I didn't catch that. Could you repeat?
2025-05-28 16:04:07,415 - MarvinAssistant - INFO - User said: play Shabbat today
2025-05-28 16:04:07,447 - MarvinAssistant - INFO - Assistant: I'm not sure how to help with that. You can ask me about the weather, time, or search for information.
2025-05-28 16:04:22,821 - MarvinAssistant - INFO - User said: see me
2025-05-28 16:04:22,841 - MarvinAssistant - INFO - Assistant: Analyzing your outfit now.
2025-05-28 16:04:29,418 - MarvinAssistant - INFO - Assistant: Camera opened. Please stand in front of the camera.
2025-05-28 16:04:42,190 - MarvinAssistant - INFO - Assistant: Your top is black, and your bottom is blue.
2025-05-28 16:04:46,841 - MarvinAssistant - INFO - Assistant: You can try pairing black with red, yellow, white.
2025-05-28 17:19:08,366 - MarvinAssistant - INFO - Assistant: Marvin voice assistant is ready. Say 'Marvin' to activate me.
2025-05-28 17:19:20,921 - MarvinAssistant - INFO - User said: Marvin
2025-05-28 17:19:20,959 - MarvinAssistant - INFO - Assistant: Yes? How can I assist you?
2025-05-28 17:19:37,438 - MarvinAssistant - INFO - Assistant: I didn't catch that. Could you repeat?
2025-05-28 17:19:45,342 - MarvinAssistant - INFO - User said: give me
2025-05-28 17:19:45,358 - MarvinAssistant - INFO - Assistant: I'm not sure how to help with that. You can ask me about the weather, time, or search for information.
2025-05-28 17:20:03,366 - MarvinAssistant - INFO - User said: see me
2025-05-28 17:20:03,382 - MarvinAssistant - INFO - Assistant: Analyzing your outfit now.
2025-05-28 17:20:07,458 - MarvinAssistant - INFO - Assistant: Camera opened. Please stand in front of the camera.
2025-05-28 17:20:18,860 - MarvinAssistant - INFO - Assistant: Your top is black, and your bottom is black.
2025-05-28 17:20:23,679 - MarvinAssistant - INFO - Assistant: You can try pairing black with red, yellow, white.
2025-05-28 17:20:37,885 - MarvinAssistant - INFO - User said: see me
2025-05-28 17:20:37,924 - MarvinAssistant - INFO - Assistant: Analyzing your outfit now.
2025-05-28 17:20:42,144 - MarvinAssistant - INFO - Assistant: Camera opened. Please stand in front of the camera.
2025-05-28 17:20:49,094 - MarvinAssistant - INFO - Assistant: Your top is black, and your bottom is black.
2025-05-28 17:20:54,284 - MarvinAssistant - INFO - Assistant: You can try pairing black with red, yellow, white.
2025-05-28 17:21:07,474 - MarvinAssistant - INFO - User said: see
2025-05-28 17:21:07,598 - MarvinAssistant - INFO - Assistant: I'm not sure how to help with that. You can ask me about the weather, time, or search for information.
2025-05-28 17:21:23,279 - MarvinAssistant - INFO - User said: see me
2025-05-28 17:21:23,297 - MarvinAssistant - INFO - Assistant: Analyzing your outfit now.
2025-05-28 17:21:27,407 - MarvinAssistant - INFO - Assistant: Camera opened. Please stand in front of the camera.
2025-05-28 17:21:33,347 - MarvinAssistant - INFO - Assistant: Your top is black, and your bottom is black.
2025-05-28 17:21:37,750 - MarvinAssistant - INFO - Assistant: You can try pairing black with red, yellow, white.
2025-05-28 17:49:41,485 - MarvinAssistant - INFO - Assistant: Marvin voice assistant is ready. Say 'Marvin' to activate me.
2025-05-28 17:49:55,177 - MarvinAssistant - INFO - User said: Marvin
2025-05-28 17:49:55,195 - MarvinAssistant - INFO - Assistant: Yes? How can I assist you?
2025-05-28 17:50:05,631 - MarvinAssistant - INFO - User said: see
2025-05-28 17:50:05,653 - MarvinAssistant - INFO - Assistant: I'm not sure how to help with that. You can ask me about the weather, time, or search for information.
2025-05-28 17:50:21,394 - MarvinAssistant - INFO - User said: see me
2025-05-28 17:50:21,413 - MarvinAssistant - INFO - Assistant: Analyzing your outfit now.
2025-05-28 17:50:25,567 - MarvinAssistant - INFO - Assistant: Camera opened. Showing for 5 seconds. Please stand still.
2025-05-28 17:50:37,747 - MarvinAssistant - INFO - Assistant: Your top is black, and your bottom is black.
2025-05-28 17:50:42,138 - MarvinAssistant - INFO - Assistant: You can try pairing black with red, yellow, white.
2025-05-28 17:50:53,458 - MarvinAssistant - INFO - User said: see
2025-05-28 17:50:53,477 - MarvinAssistant - INFO - Assistant: I'm not sure how to help with that. You can ask me about the weather, time, or search for information.
2025-05-28 17:51:08,090 - MarvinAssistant - INFO - User said: see
2025-05-28 17:51:08,111 - MarvinAssistant - INFO - Assistant: I'm not sure how to help with that. You can ask me about the weather, time, or search for information.
2025-05-28 17:51:22,366 - MarvinAssistant - INFO - User said: see me
2025-05-28 17:51:22,383 - MarvinAssistant - INFO - Assistant: Analyzing your outfit now.
2025-05-28 17:51:27,117 - MarvinAssistant - INFO - Assistant: Camera opened. Showing for 5 seconds. Please stand still.
2025-05-28 17:51:38,941 - MarvinAssistant - INFO - Assistant: Your top is red, and your bottom is black.
2025-05-28 17:51:43,390 - MarvinAssistant - INFO - Assistant: That's a great combination!
2025-05-28 17:51:54,775 - MarvinAssistant - INFO - Assistant: I didn't catch that. Could you repeat?
2025-05-28 17:53:36,661 - MarvinAssistant - INFO - Assistant: Marvin voice assistant is ready. Say 'Marvin' to activate me.
2025-05-28 17:53:53,665 - MarvinAssistant - INFO - User said: what's the volume
2025-05-28 17:53:58,360 - MarvinAssistant - INFO - User said: Marvin
2025-05-28 17:53:58,391 - MarvinAssistant - INFO - Assistant: Yes? How can I assist you?
2025-05-28 17:54:07,672 - MarvinAssistant - INFO - User said: see
2025-05-28 17:54:07,698 - MarvinAssistant - INFO - Assistant: I'm not sure how to help with that. You can ask me about the weather, time, or search for information.
2025-05-28 17:54:21,989 - MarvinAssistant - INFO - User said: be me
2025-05-28 17:54:22,007 - MarvinAssistant - INFO - Assistant: I'm not sure how to help with that. You can ask me about the weather, time, or search for information.
2025-05-28 17:54:37,781 - MarvinAssistant - INFO - User said: what channel is misunderstood
2025-05-28 17:54:37,815 - MarvinAssistant - INFO - Assistant: I'm not sure how to help with that. You can ask me about the weather, time, or search for information.
2025-05-28 17:54:54,778 - MarvinAssistant - INFO - User said: see me
2025-05-28 17:54:54,810 - MarvinAssistant - INFO - Assistant: Analyzing your outfit now.
2025-05-28 17:54:58,868 - MarvinAssistant - INFO - Assistant: Camera opened. Showing for 5 seconds. Please stand still.
2025-05-28 17:55:15,830 - MarvinAssistant - INFO - Assistant: Your top is red, and your bottom is black.
2025-05-28 17:55:20,284 - MarvinAssistant - INFO - Assistant: That's a great combination!
2025-05-28 17:55:29,702 - MarvinAssistant - INFO - Assistant: I didn't catch that. Could you repeat?
2025-05-28 17:55:39,005 - MarvinAssistant - INFO - User said: how do I make
2025-05-28 17:55:39,023 - MarvinAssistant - INFO - Assistant: I'm not sure how to help with that. You can ask me about the weather, time, or search for information.
2025-05-28 17:55:58,199 - MarvinAssistant - INFO - Assistant: I didn't catch that. Could you repeat?
2025-05-28 17:56:08,253 - MarvinAssistant - INFO - Assistant: I didn't catch that. Could you repeat?
2025-05-28 17:56:17,174 - MarvinAssistant - INFO - Assistant: I didn't catch that. Could you repeat?
2025-05-28 17:56:26,706 - MarvinAssistant - INFO - Assistant: I didn't catch that. Could you repeat?
2025-05-28 17:56:36,058 - MarvinAssistant - INFO - Assistant: I didn't catch that. Could you repeat?
2025-05-28 17:56:48,903 - MarvinAssistant - INFO - Assistant: I didn't catch that. Could you repeat?
2025-05-28 17:56:57,980 - MarvinAssistant - INFO - Assistant: I didn't catch that. Could you repeat?
2025-05-28 17:57:07,842 - MarvinAssistant - INFO - Assistant: I didn't catch that. Could you repeat?
2025-05-28 17:57:18,140 - MarvinAssistant - INFO - User said: see me
2025-05-28 17:57:18,159 - MarvinAssistant - INFO - Assistant: Analyzing your outfit now.
2025-05-28 17:57:21,854 - MarvinAssistant - INFO - Assistant: Camera opened. Showing for 5 seconds. Please stand still.
2025-05-28 17:57:40,161 - MarvinAssistant - INFO - Assistant: Your top is red, and your bottom is black.
2025-05-28 17:57:44,704 - MarvinAssistant - INFO - Assistant: That's a great combination!
2025-05-28 17:57:54,089 - MarvinAssistant - INFO - Assistant: I didn't catch that. Could you repeat?
2025-05-28 18:18:53,446 - MarvinAssistant - INFO - Assistant: Marvin voice assistant is ready. Say 'Marvin' to activate me.
2025-05-28 18:19:14,923 - MarvinAssistant - INFO - User said: Marvin
2025-05-28 18:19:14,946 - MarvinAssistant - INFO - Assistant: Yes? How can I assist you?
2025-05-28 18:19:23,931 - MarvinAssistant - INFO - User said: see me
2025-05-28 18:19:23,949 - MarvinAssistant - INFO - Assistant: Analyzing your outfit now.
2025-05-28 18:19:29,792 - MarvinAssistant - INFO - Assistant: Camera opened. Showing for 10 seconds. Please stand still.
2025-05-28 18:19:53,522 - MarvinAssistant - INFO - Assistant: Your top is black, and your bottom is black. 👕 Try pairing black with red, yellow, white
2025-05-28 18:20:12,278 - MarvinAssistant - INFO - Assistant: I didn't catch that. Could you repeat?
2025-05-28 18:25:10,914 - MarvinAssistant - INFO - Assistant: Marvin voice assistant is ready. Say 'Marvin' to activate me.
2025-05-28 18:25:23,171 - MarvinAssistant - INFO - User said: Marvin
2025-05-28 18:25:23,200 - MarvinAssistant - INFO - Assistant: Yes? How can I assist you?
2025-05-28 18:25:35,953 - MarvinAssistant - INFO - Assistant: I didn't catch that. Could you repeat?
2025-05-28 18:25:44,981 - MarvinAssistant - INFO - User said: see me
2025-05-28 18:25:45,003 - MarvinAssistant - INFO - Assistant: Analyzing your outfit now.
2025-05-28 18:25:49,188 - MarvinAssistant - INFO - Assistant: Camera opened. Showing for 5 seconds. Please stand still.
2025-05-28 18:26:02,312 - MarvinAssistant - INFO - Assistant: Your top is red, and your bottom is black.
2025-05-28 18:26:07,023 - MarvinAssistant - INFO - Assistant: That's a great combination!
2025-05-28 18:26:15,838 - MarvinAssistant - INFO - Assistant: I didn't catch that. Could you repeat?
2025-05-28 18:26:28,544 - MarvinAssistant - INFO - Assistant: I didn't catch that. Could you repeat?
2025-05-28 18:26:40,295 - MarvinAssistant - INFO - Assistant: I didn't catch that. Could you repeat?
2025-05-28 18:26:50,681 - MarvinAssistant - INFO - Assistant: I didn't catch that. Could you repeat?
2025-05-28 18:27:00,372 - MarvinAssistant - INFO - User said: your name
2025-05-28 18:27:00,413 - MarvinAssistant - INFO - Assistant: My name is Marvin, your personal voice assistant.
2025-05-28 18:27:14,317 - MarvinAssistant - INFO - Assistant: I didn't catch that. Could you repeat?
2025-05-28 18:27:25,819 - MarvinAssistant - INFO - User said: can you do
2025-05-28 18:27:25,840 - MarvinAssistant - INFO - Assistant: I can tell you the time, check the weather, search for information, and answer general questions.
2025-05-28 18:27:42,204 - MarvinAssistant - INFO - Assistant: I didn't catch that. Could you repeat?
2025-05-28 18:27:47,993 - MarvinAssistant - INFO - Assistant: Voice assistant shutting down. Goodbye!
2025-05-30 14:06:21,220 - MarvinAssistant - INFO - Assistant: Marvin voice assistant is ready. Say 'Marvin' to activate me.
2025-05-30 14:08:53,848 - MarvinAssistant - INFO - Assistant: Hello! How can I assist you?
2025-05-30 14:09:03,978 - MarvinAssistant - INFO - User said: see me
2025-05-30 14:09:04,014 - MarvinAssistant - INFO - Assistant: Analyzing your outfit now.
2025-05-30 14:09:08,157 - MarvinAssistant - INFO - Assistant: Camera opened. Showing for 10 seconds. Please stand still.
2025-05-30 14:09:25,349 - MarvinAssistant - INFO - Assistant: Your shirt is green, and your pants is gray.
2025-05-30 14:09:30,211 - MarvinAssistant - INFO - Assistant: You can try green with black, white, brown.
2025-05-30 14:09:41,649 - MarvinAssistant - INFO - Assistant: I didn't catch that. Could you repeat?
2025-05-30 14:09:51,503 - MarvinAssistant - INFO - User said: see me
2025-05-30 14:09:51,541 - MarvinAssistant - INFO - Assistant: Analyzing your outfit now.
2025-05-30 14:09:55,316 - MarvinAssistant - INFO - Assistant: Camera opened. Showing for 10 seconds. Please stand still.
2025-05-30 14:10:12,105 - MarvinAssistant - INFO - Assistant: Your shirt is gray, and your pants is white.
2025-05-30 14:10:16,484 - MarvinAssistant - INFO - Assistant: That's a great combination!
2025-05-30 14:10:24,310 - MarvinAssistant - INFO - User said: see me
2025-05-30 14:10:24,341 - MarvinAssistant - INFO - Assistant: Analyzing your outfit now.
2025-05-30 14:10:28,707 - MarvinAssistant - INFO - Assistant: Camera opened. Showing for 10 seconds. Please stand still.
2025-05-30 14:10:45,841 - MarvinAssistant - INFO - Assistant: Your shirt is gray, and your pants is white.
2025-05-30 14:10:50,267 - MarvinAssistant - INFO - Assistant: That's a great combination!
2025-05-30 14:11:00,491 - MarvinAssistant - INFO - User said: see me
2025-05-30 14:11:00,521 - MarvinAssistant - INFO - Assistant: Analyzing your outfit now.
2025-05-30 14:11:04,169 - MarvinAssistant - INFO - Assistant: Camera opened. Showing for 10 seconds. Please stand still.
2025-05-30 14:11:21,545 - MarvinAssistant - INFO - Assistant: Your shirt is gray, and your pants is white.
2025-05-30 14:11:25,944 - MarvinAssistant - INFO - Assistant: That's a great combination!
2025-05-30 14:11:39,818 - MarvinAssistant - INFO - User said: see
2025-05-30 14:11:39,839 - MarvinAssistant - INFO - Assistant: I'm not sure how to help with that. You can ask me about the weather, time, or search for information.
2025-05-30 14:11:54,493 - MarvinAssistant - INFO - User said: see me
2025-05-30 14:11:54,514 - MarvinAssistant - INFO - Assistant: Analyzing your outfit now.
2025-05-30 14:11:58,117 - MarvinAssistant - INFO - Assistant: Camera opened. Showing for 10 seconds. Please stand still.
2025-05-30 14:12:14,953 - MarvinAssistant - INFO - Assistant: Your shirt is gray, and your pants is white.
2025-05-30 14:12:19,370 - MarvinAssistant - INFO - Assistant: That's a great combination!
2025-05-30 14:12:33,530 - MarvinAssistant - INFO - Assistant: I didn't catch that. Could you repeat?
2025-05-30 14:12:45,242 - MarvinAssistant - INFO - Assistant: I didn't catch that. Could you repeat?
2025-05-30 14:12:55,414 - MarvinAssistant - INFO - Assistant: I didn't catch that. Could you repeat?
2025-05-30 14:13:05,617 - MarvinAssistant - INFO - User said: give me
2025-05-30 14:13:05,636 - MarvinAssistant - INFO - Assistant: I'm not sure how to help with that. You can ask me about the weather, time, or search for information.
2025-05-30 14:13:24,909 - MarvinAssistant - INFO - User said: see me
2025-05-30 14:13:24,929 - MarvinAssistant - INFO - Assistant: Analyzing your outfit now.
2025-05-30 14:13:28,524 - MarvinAssistant - INFO - Assistant: Camera opened. Showing for 10 seconds. Please stand still.
2025-05-30 14:13:45,247 - MarvinAssistant - INFO - Assistant: Your shirt is blue, and your pants is white.
2025-05-30 14:13:49,670 - MarvinAssistant - INFO - Assistant: That's a great combination!
2025-05-30 14:13:59,324 - MarvinAssistant - INFO - Assistant: I didn't catch that. Could you repeat?
2025-05-30 14:14:10,108 - MarvinAssistant - INFO - Assistant: I didn't catch that. Could you repeat?
2025-05-30 14:14:20,547 - MarvinAssistant - INFO - Assistant: I didn't catch that. Could you repeat?
2025-05-30 14:14:29,630 - MarvinAssistant - INFO - User said: see me see me
2025-05-30 14:14:29,664 - MarvinAssistant - INFO - Assistant: Analyzing your outfit now.
2025-05-30 14:14:33,353 - MarvinAssistant - INFO - Assistant: Camera opened. Showing for 10 seconds. Please stand still.
2025-05-30 14:14:52,636 - MarvinAssistant - INFO - Assistant: Your shirt is green, and your pants is blue.
2025-05-30 14:14:57,381 - MarvinAssistant - INFO - Assistant: You can try green with black, white, brown.
2025-05-30 14:15:07,764 - MarvinAssistant - INFO - User said: see me
2025-05-30 14:15:07,794 - MarvinAssistant - INFO - Assistant: Analyzing your outfit now.
2025-05-30 14:15:11,418 - MarvinAssistant - INFO - Assistant: Camera opened. Showing for 10 seconds. Please stand still.
2025-05-30 14:15:28,201 - MarvinAssistant - INFO - Assistant: Your shirt is green, and your pants is blue.
2025-05-30 14:15:33,029 - MarvinAssistant - INFO - Assistant: You can try green with black, white, brown.
2025-05-30 14:15:43,213 - MarvinAssistant - INFO - Assistant: I didn't catch that. Could you repeat?
2025-05-30 14:15:51,669 - MarvinAssistant - INFO - Assistant: I didn't catch that. Could you repeat?
2025-05-30 14:16:00,642 - MarvinAssistant - INFO - User said: see me
2025-05-30 14:16:00,680 - MarvinAssistant - INFO - Assistant: Analyzing your outfit now.
2025-05-30 14:16:04,218 - MarvinAssistant - INFO - Assistant: Camera opened. Showing for 10 seconds. Please stand still.
2025-05-30 14:16:21,037 - MarvinAssistant - INFO - Assistant: Your shirt is green, and your pants is white.
2025-05-30 14:16:25,823 - MarvinAssistant - INFO - Assistant: That's a great combination!
2025-05-30 14:16:36,828 - MarvinAssistant - INFO - Assistant: I didn't catch that. Could you repeat?
2025-05-30 14:16:48,392 - MarvinAssistant - INFO - Assistant: I didn't catch that. Could you repeat?
2025-05-30 14:16:59,341 - MarvinAssistant - INFO - Assistant: I didn't catch that. Could you repeat?
2025-05-30 14:17:09,837 - MarvinAssistant - INFO - Assistant: I didn't catch that. Could you repeat?
2025-05-30 14:17:18,132 - MarvinAssistant - INFO - User said: see me
2025-05-30 14:17:18,148 - MarvinAssistant - INFO - Assistant: Analyzing your outfit now.
2025-05-30 14:17:21,680 - MarvinAssistant - INFO - Assistant: Camera opened. Showing for 10 seconds. Please stand still.
2025-05-30 14:17:38,645 - MarvinAssistant - INFO - Assistant: Your shirt is blue, and your pants is gray.
2025-05-30 14:17:43,159 - MarvinAssistant - INFO - Assistant: That's a great combination!
2025-05-30 14:17:57,500 - MarvinAssistant - INFO - Assistant: Marvin voice assistant is ready. Say 'Marvin' to activate me.
2025-05-30 14:18:10,740 - MarvinAssistant - INFO - User said: Marvin
2025-05-30 14:18:10,774 - MarvinAssistant - INFO - Assistant: Yes? How can I assist you?
2025-05-30 15:37:17,294 - MarvinAssistant - INFO - Assistant: Marvin voice assistant is ready. Say 'Marvin' to activate me.
2025-05-30 18:42:24,185 - MarvinAssistant - INFO - Assistant: Marvin voice assistant is ready. Say 'Marvin' to activate me.
2025-05-30 18:42:31,549 - MarvinAssistant - INFO - Assistant: Camera not accessible. Please check the connection.
2025-05-30 18:42:36,622 - MarvinAssistant - INFO - Assistant: Camera not accessible. Please check the connection.
2025-05-30 18:42:41,957 - MarvinAssistant - INFO - Assistant: Camera not accessible. Please check the connection.
2025-05-30 18:42:46,836 - MarvinAssistant - INFO - Assistant: Camera not accessible. Please check the connection.
2025-05-30 18:42:51,838 - MarvinAssistant - INFO - Assistant: Camera not accessible. Please check the connection.
2025-05-30 18:42:56,958 - MarvinAssistant - INFO - Assistant: Camera not accessible. Please check the connection.
2025-05-30 18:43:03,738 - MarvinAssistant - INFO - Assistant: Marvin voice assistant is ready. Say 'Marvin' to activate me.
2025-05-30 18:43:10,207 - MarvinAssistant - INFO - Assistant: Camera not accessible. Please check the connection.
2025-05-30 18:43:35,203 - MarvinAssistant - INFO - Assistant: Marvin voice assistant is ready. Say 'Marvin' to activate me.
2025-05-30 18:43:41,764 - MarvinAssistant - INFO - Assistant: Camera not accessible. Please check the connection.
2025-05-30 18:45:39,280 - MarvinAssistant - INFO - Assistant: Marvin voice assistant is ready. Say 'Marvin' to activate me.
2025-05-30 18:46:17,177 - MarvinAssistant - INFO - User said: Marvin
2025-05-30 18:46:17,218 - MarvinAssistant - INFO - Assistant: Yes? How can I assist you?
2025-05-30 18:46:26,289 - MarvinAssistant - INFO - User said: see me
2025-05-30 18:46:26,307 - MarvinAssistant - INFO - Assistant: Analyzing your outfit now.
2025-05-30 18:46:40,539 - MarvinAssistant - INFO - User said: see
2025-05-30 18:46:40,557 - MarvinAssistant - INFO - Assistant: I'm not sure how to help with that. You can ask me about the weather, time, or search for information.
2025-05-30 18:46:59,797 - MarvinAssistant - INFO - User said: see me
2025-05-30 18:46:59,817 - MarvinAssistant - INFO - Assistant: Analyzing your outfit now.
2025-05-30 19:06:32,604 - MarvinAssistant - INFO - Assistant: Marvin voice assistant is ready. Say 'Marvin' to activate me.
2025-05-30 19:06:46,180 - MarvinAssistant - INFO - User said: Marvin
2025-05-30 19:06:46,212 - MarvinAssistant - INFO - Assistant: Yes? How can I assist you?
2025-05-30 19:07:00,199 - MarvinAssistant - INFO - User said: see me
2025-05-30 19:07:00,216 - MarvinAssistant - INFO - Assistant: Analyzing your outfit now.
2025-05-30 19:08:45,128 - MarvinAssistant - INFO - Assistant: Marvin voice assistant is ready. Say 'Marvin' to activate me.
2025-05-30 19:09:02,465 - MarvinAssistant - INFO - User said: Marvin
2025-05-30 19:09:02,481 - MarvinAssistant - INFO - Assistant: Yes? How can I assist you?
2025-05-30 19:09:16,045 - MarvinAssistant - INFO - Assistant: I didn't catch that. Could you repeat?
2025-05-30 19:09:24,488 - MarvinAssistant - INFO - User said: see
2025-05-30 19:09:24,507 - MarvinAssistant - INFO - Assistant: I'm not sure how to help with that. You can ask me about the weather, time, or search for information.
2025-05-30 19:09:39,653 - MarvinAssistant - INFO - User said: see
2025-05-30 19:09:39,670 - MarvinAssistant - INFO - Assistant: I'm not sure how to help with that. You can ask me about the weather, time, or search for information.
2025-05-30 19:09:53,482 - MarvinAssistant - INFO - User said: Jimmy
2025-05-30 19:09:53,501 - MarvinAssistant - INFO - Assistant: I'm not sure how to help with that. You can ask me about the weather, time, or search for information.
2025-05-30 19:10:09,437 - MarvinAssistant - INFO - User said: see
2025-05-30 19:10:09,476 - MarvinAssistant - INFO - Assistant: I'm not sure how to help with that. You can ask me about the weather, time, or search for information.
2025-05-30 19:10:27,513 - MarvinAssistant - INFO - User said: see me see me
2025-05-30 19:10:27,531 - MarvinAssistant - INFO - Assistant: Analyzing your outfit now.
2025-05-30 19:10:31,174 - MarvinAssistant - INFO - Assistant: Camera opened. Showing for 10 seconds. Please stand still.
2025-05-30 19:10:57,090 - MarvinAssistant - INFO - Assistant: Your shirt is black, and your pants is white.
2025-05-30 19:11:01,542 - MarvinAssistant - INFO - Assistant: This outfit is suitable for a business interview or meeting.
2025-05-30 19:11:14,729 - MarvinAssistant - INFO - Assistant: I didn't catch that. Could you repeat?
2025-05-30 19:11:24,458 - MarvinAssistant - INFO - Assistant: I didn't catch that. Could you repeat?
2025-05-30 19:11:37,887 - MarvinAssistant - INFO - Assistant: I didn't catch that. Could you repeat?
2025-05-30 19:11:48,338 - MarvinAssistant - INFO - Assistant: I didn't catch that. Could you repeat?
2025-05-30 19:11:59,177 - MarvinAssistant - INFO - Assistant: I didn't catch that. Could you repeat?
2025-05-30 19:12:09,485 - MarvinAssistant - INFO - Assistant: I didn't catch that. Could you repeat?
2025-05-30 19:12:20,869 - MarvinAssistant - INFO - Assistant: I didn't catch that. Could you repeat?
2025-05-30 19:12:31,240 - MarvinAssistant - INFO - Assistant: I didn't catch that. Could you repeat?
2025-05-30 19:12:41,513 - MarvinAssistant - INFO - Assistant: I didn't catch that. Could you repeat?
2025-05-30 19:12:50,804 - MarvinAssistant - INFO - Assistant: I didn't catch that. Could you repeat?
2025-05-30 19:13:02,978 - MarvinAssistant - INFO - Assistant: I didn't catch that. Could you repeat?
2025-05-30 19:13:16,421 - MarvinAssistant - INFO - User said: see me
2025-05-30 19:13:16,444 - MarvinAssistant - INFO - Assistant: Analyzing your outfit now.
2025-05-30 19:13:20,179 - MarvinAssistant - INFO - Assistant: Camera opened. Showing for 10 seconds. Please stand still.
2025-05-30 19:13:40,761 - MarvinAssistant - INFO - Assistant: Your shirt is black, and your pants is black.
2025-05-30 19:13:45,963 - MarvinAssistant - INFO - Assistant: You can try black with red, yellow, white.
2025-05-30 19:14:01,776 - MarvinAssistant - INFO - Assistant: I didn't catch that. Could you repeat?
2025-05-30 19:14:10,571 - MarvinAssistant - INFO - Assistant: I didn't catch that. Could you repeat?
2025-05-30 19:14:18,682 - MarvinAssistant - INFO - User said: we had
2025-05-30 19:14:18,721 - MarvinAssistant - INFO - Assistant: I'm not sure how to help with that. You can ask me about the weather, time, or search for information.
2025-05-30 19:14:35,078 - MarvinAssistant - INFO - Assistant: I didn't catch that. Could you repeat?
2025-05-30 19:14:46,078 - MarvinAssistant - INFO - User said: see me
2025-05-30 19:14:46,099 - MarvinAssistant - INFO - Assistant: Analyzing your outfit now.
2025-05-30 19:14:49,781 - MarvinAssistant - INFO - Assistant: Camera opened. Showing for 10 seconds. Please stand still.
2025-05-30 19:15:10,341 - MarvinAssistant - INFO - Assistant: Your shirt is black, and your pants is black.
2025-05-30 19:15:14,881 - MarvinAssistant - INFO - Assistant: You can try black with red, yellow, white.
2025-05-30 19:15:24,935 - MarvinAssistant - INFO - Assistant: I didn't catch that. Could you repeat?
2025-05-30 19:15:38,983 - MarvinAssistant - INFO - Assistant: I didn't catch that. Could you repeat?
2025-05-30 19:15:47,802 - MarvinAssistant - INFO - Assistant: I didn't catch that. Could you repeat?
2025-05-30 19:16:00,122 - MarvinAssistant - INFO - Assistant: I didn't catch that. Could you repeat?
2025-05-30 19:16:09,795 - MarvinAssistant - INFO - Assistant: I didn't catch that. Could you repeat?
2025-05-30 19:16:20,529 - MarvinAssistant - INFO - Assistant: I didn't catch that. Could you repeat?
2025-05-30 19:16:28,673 - MarvinAssistant - INFO - Assistant: I didn't catch that. Could you repeat?
2025-05-30 19:16:39,571 - MarvinAssistant - INFO - Assistant: I didn't catch that. Could you repeat?
2025-05-30 19:16:51,444 - MarvinAssistant - INFO - Assistant: I didn't catch that. Could you repeat?
2025-05-30 19:17:01,906 - MarvinAssistant - INFO - Assistant: I didn't catch that. Could you repeat?
2025-05-30 19:17:12,568 - MarvinAssistant - INFO - Assistant: I didn't catch that. Could you repeat?
2025-05-31 01:01:24,200 - MarvinAssistant - INFO - Assistant: Marvin voice assistant is ready. Say 'Marvin' to activate me.
2025-05-31 01:06:59,100 - MarvinAssistant - INFO - Assistant: Marvin voice assistant is ready. Say 'Marvin' to activate me.
2025-05-31 01:27:06,413 - MarvinAssistant - INFO - Assistant: Marvin voice assistant is ready. Say 'Marvin' to activate me.
2025-05-31 01:27:20,421 - MarvinAssistant - INFO - User said: Marvin
2025-05-31 01:27:20,443 - MarvinAssistant - INFO - Assistant: Yes? How can I assist you?
2025-05-31 01:27:27,964 - MarvinAssistant - INFO - User said: take picture
2025-05-31 01:27:28,008 - MarvinAssistant - INFO - Assistant: Taking a picture now.
2025-05-31 01:27:36,955 - MarvinAssistant - INFO - Assistant: I didn't catch that. Could you repeat?
2025-05-31 01:27:46,816 - MarvinAssistant - INFO - User said: take picture
2025-05-31 01:27:47,184 - MarvinAssistant - INFO - Assistant: Taking a picture now.
2025-05-31 01:27:56,959 - MarvinAssistant - INFO - Assistant: I didn't catch that. Could you repeat?
2025-05-31 01:28:09,503 - MarvinAssistant - INFO - Assistant: I didn't catch that. Could you repeat?
2025-05-31 01:28:20,808 - MarvinAssistant - INFO - Assistant: I didn't catch that. Could you repeat?
2025-05-31 01:28:31,474 - MarvinAssistant - INFO - Assistant: I didn't catch that. Could you repeat?
2025-05-31 01:28:42,106 - MarvinAssistant - INFO - Assistant: I didn't catch that. Could you repeat?
2025-05-31 01:28:52,812 - MarvinAssistant - INFO - Assistant: I didn't catch that. Could you repeat?
2025-05-31 01:29:03,426 - MarvinAssistant - INFO - Assistant: I didn't catch that. Could you repeat?
2025-05-31 01:29:14,924 - MarvinAssistant - INFO - Assistant: I didn't catch that. Could you repeat?
2025-05-31 01:29:25,546 - MarvinAssistant - INFO - Assistant: I didn't catch that. Could you repeat?
2025-05-31 01:29:36,395 - MarvinAssistant - INFO - Assistant: I didn't catch that. Could you repeat?
2025-05-31 01:29:50,132 - MarvinAssistant - INFO - Assistant: I didn't catch that. Could you repeat?
2025-05-31 01:30:01,067 - MarvinAssistant - INFO - Assistant: I didn't catch that. Could you repeat?
2025-05-31 01:31:04,953 - MarvinAssistant - INFO - Assistant: Marvin voice assistant is ready. Say 'Marvin' to activate me.
2025-05-31 01:31:19,228 - MarvinAssistant - INFO - User said: Marvin
2025-05-31 01:31:19,259 - MarvinAssistant - INFO - Assistant: Yes? How can I assist you?
2025-05-31 01:31:27,118 - MarvinAssistant - INFO - User said: take picture
2025-05-31 01:31:27,174 - MarvinAssistant - INFO - Assistant: Taking a picture now.
2025-05-31 01:31:36,944 - MarvinAssistant - INFO - Assistant: I didn't catch that. Could you repeat?
2025-05-31 01:31:48,231 - MarvinAssistant - INFO - Assistant: I didn't catch that. Could you repeat?
2025-05-31 01:31:59,444 - MarvinAssistant - INFO - User said: Salim edit
2025-05-31 01:31:59,464 - MarvinAssistant - INFO - Assistant: I'm not sure how to help with that. You can ask me about the weather, time, or search for information.
2025-05-31 01:32:18,015 - MarvinAssistant - INFO - Assistant: I didn't catch that. Could you repeat?
2025-05-31 01:32:28,208 - MarvinAssistant - INFO - Assistant: I didn't catch that. Could you repeat?
2025-05-31 01:32:38,667 - MarvinAssistant - INFO - Assistant: I didn't catch that. Could you repeat?
2025-05-31 01:32:48,855 - MarvinAssistant - INFO - Assistant: I didn't catch that. Could you repeat?
2025-05-31 01:32:59,083 - MarvinAssistant - INFO - Assistant: I didn't catch that. Could you repeat?
2025-05-31 01:33:09,315 - MarvinAssistant - INFO - Assistant: I didn't catch that. Could you repeat?
2025-05-31 01:33:19,544 - MarvinAssistant - INFO - Assistant: I didn't catch that. Could you repeat?
2025-05-31 01:33:29,727 - MarvinAssistant - INFO - Assistant: I didn't catch that. Could you repeat?
2025-05-31 01:33:40,385 - MarvinAssistant - INFO - User said: pregnant
2025-05-31 01:33:40,418 - MarvinAssistant - INFO - Assistant: I'm not sure how to help with that. You can ask me about the weather, time, or search for information.
2025-05-31 01:33:58,435 - MarvinAssistant - INFO - Assistant: I didn't catch that. Could you repeat?
2025-05-31 01:34:08,593 - MarvinAssistant - INFO - Assistant: I didn't catch that. Could you repeat?
2025-05-31 01:34:19,331 - MarvinAssistant - INFO - Assistant: I didn't catch that. Could you repeat?
2025-05-31 01:45:10,458 - MarvinAssistant - INFO - Assistant: Marvin voice assistant is ready. Say 'Marvin' to activate me.
2025-05-31 01:45:22,131 - MarvinAssistant - INFO - User said: Marvin
2025-05-31 01:45:22,169 - MarvinAssistant - INFO - Assistant: Yes? How can I assist you?
2025-05-31 01:45:30,085 - MarvinAssistant - INFO - User said: take picture
2025-05-31 01:45:30,123 - MarvinAssistant - INFO - Assistant: Taking a picture now.
2025-05-31 01:45:38,798 - MarvinAssistant - INFO - Assistant: I didn't catch that. Could you repeat?
2025-05-31 01:45:53,081 - MarvinAssistant - INFO - Assistant: I didn't catch that. Could you repeat?
2025-05-31 01:46:00,725 - MarvinAssistant - INFO - User said: take picture
2025-05-31 01:46:00,745 - MarvinAssistant - INFO - Assistant: Taking a picture now.
2025-05-31 01:46:09,545 - MarvinAssistant - INFO - Assistant: I didn't catch that. Could you repeat?
2025-05-31 01:46:20,200 - MarvinAssistant - INFO - Assistant: I didn't catch that. Could you repeat?
2025-05-31 14:09:15,596 - MarvinAssistant - INFO - Assistant: Marvin voice assistant is ready. Say 'Marvin' to activate me.
2025-05-31 14:13:09,965 - MarvinAssistant - INFO - Assistant: Marvin voice assistant is ready. Say 'Marvin' to activate me.
2025-05-31 14:13:17,555 - MarvinAssistant - INFO - Assistant: I am ready. Please show your face to start.
2025-05-31 14:13:29,657 - MarvinAssistant - INFO - Assistant: Hello! How can I assist you?
2025-05-31 14:13:38,890 - MarvinAssistant - INFO - User said: take picture
2025-05-31 14:13:38,925 - MarvinAssistant - INFO - Assistant: Taking a picture now.
2025-05-31 14:13:47,336 - MarvinAssistant - INFO - Assistant: I didn't catch that. Could you repeat?
2025-05-31 14:32:18,200 - MarvinAssistant - INFO - Assistant: Hello! How can I assist you?
2025-05-31 14:32:26,827 - MarvinAssistant - INFO - User said: take picture
2025-05-31 14:32:26,854 - MarvinAssistant - INFO - Assistant: Taking a picture now.
2025-05-31 14:34:49,241 - MarvinAssistant - INFO - Assistant: Hello! How can I assist you?
2025-05-31 14:34:56,948 - MarvinAssistant - INFO - User said: take picture
2025-05-31 14:34:56,982 - MarvinAssistant - INFO - Assistant: Taking a picture now.
2025-05-31 14:42:33,034 - MarvinAssistant - INFO - Assistant: Hello! How can I assist you?
2025-05-31 14:42:40,753 - MarvinAssistant - INFO - User said: picture
2025-05-31 14:42:41,485 - MarvinAssistant - INFO - Assistant: I'm not sure how to help with that. You can ask me about the weather, time, or search for information.
2025-05-31 14:42:55,359 - MarvinAssistant - INFO - User said: take picture
2025-05-31 14:42:55,376 - MarvinAssistant - INFO - Assistant: Taking a picture now.
2025-05-31 14:44:17,436 - MarvinAssistant - INFO - User said: Marvin
2025-05-31 14:44:17,472 - MarvinAssistant - INFO - Assistant: Yes? How can I assist you?
2025-05-31 14:44:25,532 - MarvinAssistant - INFO - User said: take picture
2025-05-31 14:44:25,562 - MarvinAssistant - INFO - Assistant: Taking a picture now.
2025-05-31 14:45:11,172 - MarvinAssistant - INFO - Assistant: I didn't catch that. Could you repeat?
2025-05-31 15:06:19,028 - MarvinAssistant - INFO - Assistant: Camera not accessible. Please check the connection.
2025-05-31 15:06:25,278 - MarvinAssistant - INFO - Assistant: Camera not accessible. Please check the connection.
2025-05-31 15:06:30,011 - MarvinAssistant - INFO - Assistant: Camera not accessible. Please check the connection.
2025-05-31 15:06:39,212 - MarvinAssistant - INFO - Assistant: Camera not accessible. Please check the connection.
2025-05-31 15:32:23,559 - MarvinAssistant - INFO - Assistant: Hi there! How can I assist you?
2025-05-31 15:32:34,360 - MarvinAssistant - INFO - User said: take a picture
2025-05-31 15:32:34,397 - MarvinAssistant - INFO - Assistant: I'm not sure how to help with that. You can ask me about the weather, time, or search for information.
2025-05-31 15:32:47,984 - MarvinAssistant - INFO - User said: picture
2025-05-31 15:32:48,001 - MarvinAssistant - INFO - Assistant: I'm not sure how to help with that. You can ask me about the weather, time, or search for information.
2025-05-31 15:33:02,486 - MarvinAssistant - INFO - User said: take picture
2025-05-31 15:33:02,506 - MarvinAssistant - INFO - Assistant: Taking a picture now.
2025-05-31 15:33:54,440 - MarvinAssistant - INFO - Assistant: I didn't catch that. Could you repeat?
2025-05-31 15:43:47,328 - MarvinAssistant - INFO - Assistant: Hi there! How can I assist you?
2025-05-31 15:43:58,826 - MarvinAssistant - INFO - User said: take picture
2025-05-31 15:43:58,860 - MarvinAssistant - INFO - Assistant: Taking a picture now.
2025-05-31 15:44:50,559 - MarvinAssistant - INFO - Assistant: I didn't catch that. Could you repeat?
